Starting complete n=5 APN permutation search
n=5: 20.0s, 31522816 attempts, 11008106 affine nodes, 0 representatives; [0, 1, 2, 4, 3, 6, 7, 8, 5, 9, 16, 10, 24, 17, 11, 30, 21, 27, None, None, None, None, None, None, None, None, None, None, None, None, None, None]
n=5: 40.0s, 62734336 attempts, 22601850 affine nodes, 0 representatives; [0, 1, 2, 4, 3, 6, 7, 8, 5, 9, 16, 23, 20, 26, 11, 17, 28, 31, 19, None, None, None, None, None, None, None, None, None, None, None, None, None]
n=5: 60.0s, 93831168 attempts, 34693244 affine nodes, 0 representatives; [0, 1, 2, 4, 3, 6, 7, 8, 5, 11, 9, 16, 17, 28, 27, 14, 13, 25, None, None, None, None, None, None, None, None, None, None, None, None, None, None]
n=5: 80.0s, 124600320 attempts, 48475647 affine nodes, 0 representatives; [0, 1, 2, 4, 3, 6, 7, 8, 5, 11, 16, 26, 27, 18, 29, 15, 22, 17, 31, None, None, None, None, None, None, None, None, None, None, None, None, None]
n=5: 100.0s, 155795456 attempts, 62295279 affine nodes, 0 representatives; [0, 1, 2, 4, 3, 6, 7, 8, 9, 10, 16, 23, 20, 26, 24, 12, 19, 13, 11, None, None, None, None, None, None, None, None, None, None, None, None, None]
n=5: 120.0s, 187351040 attempts, 73926337 affine nodes, 0 representatives; [0, 1, 2, 4, 3, 6, 7, 8, 9, 11, 16, 26, 21, 13, 20, 24, 19, 27, 12, None, None, None, None, None, None, None, None, None, None, None, None, None]
n=5: 140.0s, 219119616 attempts, 86415969 affine nodes, 0 representatives; [0, 1, 2, 4, 3, 6, 7, 8, 9, 16, 14, 29, 24, 17, 25, 5, 13, 28, None, None, None, None, None, None, None, None, None, None, None, None, None, None]
n=5: 160.0s, 250773504 attempts, 102075481 affine nodes, 0 representatives; [0, 1, 2, 4, 3, 6, 8, 10, 5, 9, 12, 16, 19, 29, 27, 18, 15, 26, 11, 25, None, None, None, None, None, None, None, None, None, None, None, None]
n=5: 180.0s, 283590656 attempts, 112198382 affine nodes, 0 representatives; [0, 1, 2, 4, 3, 6, 8, 10, 5, 9, 16, 13, 23, 28, 22, 21, 24, 7, 27, None, None, None, None, None, None, None, None, None, None, None, None, None]
n=5: 200.1s, 316276736 attempts, 122380177 affine nodes, 0 representatives; [0, 1, 2, 4, 3, 6, 8, 10, 5, 9, 16, 19, 28, 21, 15, 27, 31, 13, 22, None, None, None, None, None, None, None, None, None, None, None, None, None]
n=5: 220.1s, 348930048 attempts, 131682726 affine nodes, 0 representatives; [0, 1, 2, 4, 3, 6, 8, 10, 5, 9, 16, 25, 14, 21, 15, 27, 26, 13, 28, 18, None, None, None, None, None, None, None, None, None, None, None, None]
n=5: 240.1s, 381517824 attempts, 141035350 affine nodes, 0 representatives; [0, 1, 2, 4, 3, 6, 8, 10, 5, 9, 16, 30, 14, 19, 15, 27, 12, 26, 23, None, None, None, None, None, None, None, None, None, None, None, None, None]
n=5: 260.1s, 414351360 attempts, 150321608 affine nodes, 0 representatives; [0, 1, 2, 4, 3, 6, 8, 10, 5, 11, 16, 20, 23, 30, 17, 13, 25, 7, 24, 31, None, None, None, None, None, None, None, None, None, None, None, None]
n=5: 280.1s, 446889984 attempts, 160235871 affine nodes, 0 representatives; [0, 1, 2, 4, 3, 6, 8, 10, 5, 16, 11, 15, 27, 28, 29, 19, 18, 30, 14, None, None, None, None, None, None, None, None, None, None, None, None, None]
n=5: 300.1s, 479215616 attempts, 171077781 affine nodes, 0 representatives; [0, 1, 2, 4, 3, 6, 8, 10, 5, 16, 12, 24, 27, 20, 31, 13, 9, 25, 19, None, None, None, None, None, None, None, None, None, None, None, None, None]
n=5: 320.1s, 511770624 attempts, 181758098 affine nodes, 0 representatives; [0, 1, 2, 4, 3, 6, 8, 10, 5, 16, 18, 14, 12, 28, 29, 19, 15, 22, 27, None, None, None, None, None, None, None, None, None, None, None, None, None]
n=5: 340.1s, 543866880 attempts, 196104646 affine nodes, 0 representatives; [0, 1, 2, 4, 3, 6, 8, 10, 5, 16, 23, 15, 25, 20, 24, 14, 28, 27, 22, 29, None, None, None, None, None, None, None, None, None, None, None, None]
n=5: 360.1s, 575455232 attempts, 213837000 affine nodes, 0 representatives; [0, 1, 2, 4, 3, 6, 8, 11, 5, 7, 12, 16, 30, 14, 26, 9, 25, 13, 15, None, None, None, None, None, None, None, None, None, None, None, None, None]
n=5: 380.1s, 608583680 attempts, 223638876 affine nodes, 0 representatives; [0, 1, 2, 4, 3, 6, 8, 11, 5, 7, 16, 15, 20, 31, 18, 9, 25, 13, None, None, None, None, None, None, None, None, None, None, None, None, None, None]
n=5: 400.1s, 641794048 attempts, 232684389 affine nodes, 0 representatives; [0, 1, 2, 4, 3, 6, 8, 11, 5, 9, 12, 16, 31, 13, 21, 24, 10, 18, 25, None, None, None, None, None, None, None, None, None, None, None, None, None]
n=5: 420.1s, 674873344 attempts, 241462630 affine nodes, 0 representatives; [0, 1, 2, 4, 3, 6, 8, 11, 5, 9, 16, 10, 19, 17, 28, 21, 12, 24, 13, None, None, None, None, None, None, None, None, None, None, None, None, None]
n=5: 440.1s, 708034560 attempts, 249646908 affine nodes, 0 representatives; [0, 1, 2, 4, 3, 6, 8, 11, 5, 9, 16, 15, 20, 31, 12, 21, 28, 22, 7, None, None, None, None, None, None, None, None, None, None, None, None, None]
n=5: 460.1s, 741130240 attempts, 257976945 affine nodes, 0 representatives; [0, 1, 2, 4, 3, 6, 8, 11, 5, 9, 16, 24, 7, 30, 21, 13, 10, 27, 14, 28, None, None, None, None, None, None, None, None, None, None, None, None]
n=5: 480.1s, 774111232 attempts, 266025993 affine nodes, 0 representatives; [0, 1, 2, 4, 3, 6, 8, 11, 5, 9, 16, 27, 7, 21, 24, 26, 13, 20, 19, None, None, None, None, None, None, None, None, None, None, None, None, None]
n=5: 500.1s, 807026688 attempts, 274807089 affine nodes, 0 representatives; [0, 1, 2, 4, 3, 6, 8, 11, 5, 10, 12, 16, 7, 14, 21, 29, 25, 15, 13, None, None, None, None, None, None, None, None, None, None, None, None, None]
n=5: 520.1s, 840564736 attempts, 282504658 affine nodes, 0 representatives; [0, 1, 2, 4, 3, 6, 8, 11, 5, 10, 13, 16, 26, 22, 27, 17, 19, 15, 29, None, None, None, None, None, None, None, None, None, None, None, None, None]
n=5: 540.1s, 873676800 attempts, 291105461 affine nodes, 0 representatives; [0, 1, 2, 4, 3, 6, 8, 11, 5, 10, 16, 9, 31, 17, 12, 29, 15, 20, 27, None, None, None, None, None, None, None, None, None, None, None, None, None]
n=5: 560.1s, 906805248 attempts, 299227886 affine nodes, 0 representatives; [0, 1, 2, 4, 3, 6, 8, 11, 5, 10, 16, 18, 7, 29, 28, 27, 9, 21, 31, 12, None, None, None, None, None, None, None, None, None, None, None, None]
n=5: 580.1s, 939720704 attempts, 307843656 affine nodes, 0 representatives; [0, 1, 2, 4, 3, 6, 8, 11, 5, 10, 16, 25, 7, 29, 28, 17, 22, 18, 15, None, None, None, None, None, None, None, None, None, None, None, None, None]
n=5: 600.1s, 972488704 attempts, 316229922 affine nodes, 0 representatives; [0, 1, 2, 4, 3, 6, 8, 11, 5, 10, 16, 28, 9, 19, 25, 29, 7, 31, 30, None, None, None, None, None, None, None, None, None, None, None, None, None]
n=5: 620.2s, 1005371392 attempts, 324903128 affine nodes, 0 representatives; [0, 1, 2, 4, 3, 6, 8, 11, 5, 12, 9, 16, 31, 10, 27, 25, 13, 22, 26, None, None, None, None, None, None, None, None, None, None, None, None, None]
n=5: 640.2s, 1038712832 attempts, 333048251 affine nodes, 0 representatives; [0, 1, 2, 4, 3, 6, 8, 11, 5, 12, 16, 10, 23, 24, 25, 7, 21, 17, 29, None, None, None, None, None, None, None, None, None, None, None, None, None]
n=5: 660.2s, 1072070656 attempts, 341286645 affine nodes, 0 representatives; [0, 1, 2, 4, 3, 6, 8, 11, 5, 12, 16, 18, 31, 17, 28, 9, 19, 10, 21, None, None, None, None, None, None, None, None, None, None, None, None, None]
n=5: 680.2s, 1105281024 attempts, 350285419 affine nodes, 0 representatives; [0, 1, 2, 4, 3, 6, 8, 11, 5, 12, 16, 27, 13, 28, 21, 26, 15, 20, 7, 10, None, None, None, None, None, None, None, None, None, None, None, None]
n=5: 700.2s, 1138475008 attempts, 359103632 affine nodes, 0 representatives; [0, 1, 2, 4, 3, 6, 8, 11, 5, 12, 16, 31, 23, 14, 24, 10, 20, 7, 28, 13, None, None, None, None, None, None, None, None, None, None, None, None]
n=5: 720.2s, 1171783680 attempts, 368004114 affine nodes, 0 representatives; [0, 1, 2, 4, 3, 6, 8, 11, 5, 13, 15, 16, 17, 27, 30, 28, 12, 7, 24, 21, None, None, None, None, None, None, None, None, None, None, None, None]
n=5: 740.2s, 1204486144 attempts, 377298700 affine nodes, 0 representatives; [0, 1, 2, 4, 3, 6, 8, 11, 5, 13, 16, 10, 9, 21, 30, 19, 7, 14, 22, 18, None, None, None, None, None, None, None, None, None, None, None, None]
n=5: 760.2s, 1236942848 attempts, 386835339 affine nodes, 0 representatives; [0, 1, 2, 4, 3, 6, 8, 11, 5, 13, 16, 23, 14, 19, 18, 27, 28, 17, 26, None, None, None, None, None, None, None, None, None, None, None, None, None]
n=5: 780.2s, 1269596160 attempts, 396302188 affine nodes, 0 representatives; [0, 1, 2, 4, 3, 6, 8, 11, 5, 13, 16, 29, 30, 18, 25, 9, 7, 31, 15, None, None, None, None, None, None, None, None, None, None, None, None, None]
n=5: 800.2s, 1302495232 attempts, 404243042 affine nodes, 0 representatives; [0, 1, 2, 4, 3, 6, 8, 11, 5, 14, 12, 16, 30, 19, 26, 21, 25, 27, None, None, None, None, None, None, None, None, None, None, None, None, None, None]
n=5: 820.2s, 1335246848 attempts, 413318519 affine nodes, 0 representatives; [0, 1, 2, 4, 3, 6, 8, 11, 5, 14, 16, 9, 29, 18, 25, 20, 30, 23, 10, None, None, None, None, None, None, None, None, None, None, None, None, None]
n=5: 840.2s, 1368031232 attempts, 421758114 affine nodes, 0 representatives; [0, 1, 2, 4, 3, 6, 8, 11, 5, 14, 16, 18, 30, 10, 25, 19, 15, 23, 29, None, None, None, None, None, None, None, None, None, None, None, None, None]
n=5: 860.2s, 1400766464 attempts, 430724406 affine nodes, 0 representatives; [0, 1, 2, 4, 3, 6, 8, 11, 5, 14, 16, 28, 25, 19, 22, 10, 15, 24, 18, 9, None, None, None, None, None, None, None, None, None, None, None, None]
n=5: 880.2s, 1433468928 attempts, 439632706 affine nodes, 0 representatives; [0, 1, 2, 4, 3, 6, 8, 11, 5, 15, 13, 16, 17, 25, 21, 24, 26, 20, 19, 7, None, None, None, None, None, None, None, None, None, None, None, None]
n=5: 900.2s, 1466187776 attempts, 448965566 affine nodes, 0 representatives; [0, 1, 2, 4, 3, 6, 8, 11, 5, 15, 16, 12, 19, 29, 28, 21, 20, 22, 10, 17, None, None, None, None, None, None, None, None, None, None, None, None]
n=5: 920.2s, 1498611712 attempts, 459126568 affine nodes, 0 representatives; [0, 1, 2, 4, 3, 6, 8, 11, 5, 15, 16, 23, 31, 18, 12, 26, 14, 19, 21, 29, None, None, None, None, None, None, None, None, None, None, None, None]
n=5: 940.2s, 1530970112 attempts, 468460671 affine nodes, 0 representatives; [0, 1, 2, 4, 3, 6, 8, 11, 5, 15, 16, 29, 7, 17, 30, 21, 26, 20, 18, 9, None, None, None, None, None, None, None, None, None, None, None, None]
n=5: 960.2s, 1563262976 attempts, 478179479 affine nodes, 0 representatives; [0, 1, 2, 4, 3, 6, 8, 11, 5, 16, 9, 20, 17, 24, 30, 22, 14, 10, 18, None, None, None, None, None, None, None, None, None, None, None, None, None]
n=5: 980.2s, 1595408384 attempts, 487343472 affine nodes, 0 representatives; [0, 1, 2, 4, 3, 6, 8, 11, 5, 16, 10, 14, 23, 27, 29, 21, 15, 24, 18, None, None, None, None, None, None, None, None, None, None, None, None, None]
n=5: 1000.3s, 1627815936 attempts, 495882735 affine nodes, 0 representatives; [0, 1, 2, 4, 3, 6, 8, 11, 5, 16, 10, 25, 26, 20, 29, 9, 12, 18, 21, None, None, None, None, None, None, None, None, None, None, None, None, None]
n=5: 1020.3s, 1660141568 attempts, 505047757 affine nodes, 0 representatives; [0, 1, 2, 4, 3, 6, 8, 11, 5, 16, 12, 20, 24, 10, 30, 21, 25, 27, 13, None, None, None, None, None, None, None, None, None, None, None, None, None]
n=5: 1040.3s, 1692483584 attempts, 514582184 affine nodes, 0 representatives; [0, 1, 2, 4, 3, 6, 8, 11, 5, 16, 12, 31, 17, 24, 14, 20, 10, 27, 23, 26, None, None, None, None, None, None, None, None, None, None, None, None]
n=5: 1060.3s, 1724940288 attempts, 524393622 affine nodes, 0 representatives; [0, 1, 2, 4, 3, 6, 8, 11, 5, 16, 13, 22, 21, 25, 12, 30, 18, 14, 28, 27, None, None, None, None, None, None, None, None, None, None, None, None]
n=5: 1080.3s, 1757593600 attempts, 534571614 affine nodes, 0 representatives; [0, 1, 2, 4, 3, 6, 8, 11, 5, 16, 15, 20, 23, 13, 17, 29, 26, 9, 27, 7, None, None, None, None, None, None, None, None, None, None, None, None]
n=5: 1100.3s, 1790361600 attempts, 544393293 affine nodes, 0 representatives; [0, 1, 2, 4, 3, 6, 8, 11, 5, 16, 15, 31, 17, 13, 24, 10, 12, 14, 19, None, None, None, None, None, None, None, None, None, None, None, None, None]
n=5: 1120.3s, 1823342592 attempts, 554641839 affine nodes, 0 representatives; [0, 1, 2, 4, 3, 6, 8, 11, 5, 16, 17, 26, 13, 28, 21, 27, 31, 12, 14, 19, None, None, None, None, None, None, None, None, None, None, None, None]
n=5: 1140.3s, 1856290816 attempts, 564532393 affine nodes, 0 representatives; [0, 1, 2, 4, 3, 6, 8, 11, 5, 16, 18, 25, 17, 13, 30, 9, 10, 20, 24, None, None, None, None, None, None, None, None, None, None, None, None, None]
n=5: 1160.3s, 1888894976 attempts, 575990585 affine nodes, 0 representatives; [0, 1, 2, 4, 3, 6, 8, 11, 5, 16, 22, 9, 19, 24, 18, 30, 27, 15, None, None, None, None, None, None, None, None, None, None, None, None, None, None]
n=5: 1180.3s, 1921843200 attempts, 586664137 affine nodes, 0 representatives; [0, 1, 2, 4, 3, 6, 8, 11, 5, 16, 22, 31, 19, 24, 18, 15, 28, 14, 21, None, None, None, None, None, None, None, None, None, None, None, None, None]
n=5: 1200.3s, 1954758656 attempts, 596530229 affine nodes, 0 representatives; [0, 1, 2, 4, 3, 6, 8, 11, 5, 16, 23, 26, 13, 17, 12, 31, 29, 21, 30, None, None, None, None, None, None, None, None, None, None, None, None, None]
n=5: 1220.3s, 1987608576 attempts, 606706967 affine nodes, 0 representatives; [0, 1, 2, 4, 3, 6, 8, 11, 5, 16, 25, 19, 29, 20, 18, 13, 9, 21, 23, 27, None, None, None, None, None, None, None, None, None, None, None, None]
n=5: 1240.3s, 2019950592 attempts, 616539330 affine nodes, 0 representatives; [0, 1, 2, 4, 3, 6, 8, 11, 5, 16, 26, 17, 31, 18, 12, 29, 9, 14, 15, None, None, None, None, None, None, None, None, None, None, None, None, None]
n=5: 1260.3s, 2052325376 attempts, 626426702 affine nodes, 0 representatives; [0, 1, 2, 4, 3, 6, 8, 11, 5, 16, 27, 15, 13, 21, 14, 28, 10, 17, 22, None, None, None, None, None, None, None, None, None, None, None, None, None]
n=5: 1280.3s, 2084667392 attempts, 636509240 affine nodes, 0 representatives; [0, 1, 2, 4, 3, 6, 8, 11, 5, 16, 28, 12, 31, 17, 30, 9, 29, 21, 7, 14, None, None, None, None, None, None, None, None, None, None, None, None]
n=5: 1300.3s, 2116927488 attempts, 646722625 affine nodes, 0 representatives; [0, 1, 2, 4, 3, 6, 8, 11, 5, 16, 29, 12, 17, 15, 21, 9, 31, 24, 14, None, None, None, None, None, None, None, None, None, None, None, None, None]
n=5: 1320.3s, 2149154816 attempts, 657213807 affine nodes, 0 representatives; [0, 1, 2, 4, 3, 6, 8, 11, 5, 16, 31, 15, 13, 17, 12, 30, 24, 21, 10, None, None, None, None, None, None, None, None, None, None, None, None, None]
n=5: 1340.3s, 2181332992 attempts, 667022270 affine nodes, 0 representatives; [0, 1, 2, 4, 3, 6, 8, 11, 12, 14, 16, 23, 21, 26, 22, 13, 27, 10, 15, 17, None, None, None, None, None, None, None, None, None, None, None, None]
n=5: 1360.3s, 2213281792 attempts, 676435770 affine nodes, 0 representatives; [0, 1, 2, 4, 3, 6, 8, 11, 12, 16, 13, 30, 20, 15, 19, 31, 29, 9, 18, 28, None, None, None, None, None, None, None, None, None, None, None, None]
n=5: 1380.3s, 2244608000 attempts, 688093288 affine nodes, 0 representatives; [0, 1, 2, 4, 3, 6, 8, 11, 12, 16, 22, 14, 31, 27, 30, 19, 24, 13, 10, None, None, None, None, None, None, None, None, None, None, None, None, None]
n=5: 1400.3s, 2275983360 attempts, 700052562 affine nodes, 0 representatives; [0, 1, 2, 4, 3, 6, 8, 11, 14, 16, 17, 24, 20, 30, 21, 12, 29, 13, 26, 23, None, None, None, None, None, None, None, None, None, None, None, None]
n=5: 1420.3s, 2306965504 attempts, 715127407 affine nodes, 0 representatives; [0, 1, 2, 4, 3, 6, 8, 16, 5, 7, 10, 19, 28, 11, 27, 23, 25, 29, 26, None, None, None, None, None, None, None, None, None, None, None, None, None]
n=5: 1440.4s, 2339864576 attempts, 722473486 affine nodes, 0 representatives; [0, 1, 2, 4, 3, 6, 8, 16, 5, 7, 10, 23, 13, 24, 26, 25, 9, 18, 27, None, None, None, None, None, None, None, None, None, None, None, None, None]
n=5: 1460.4s, 2372780032 attempts, 729841447 affine nodes, 0 representatives; [0, 1, 2, 4, 3, 6, 8, 16, 5, 7, 10, 26, 9, 21, 25, 11, 18, 22, 19, None, None, None, None, None, None, None, None, None, None, None, None, None]
n=5: 1480.4s, 2405629952 attempts, 737349571 affine nodes, 0 representatives; [0, 1, 2, 4, 3, 6, 8, 16, 5, 7, 10, 29, 19, 27, 11, 31, 15, 25, None, None, None, None, None, None, None, None, None, None, None, None, None, None]
n=5: 1500.4s, 2437971968 attempts, 746857130 affine nodes, 0 representatives; [0, 1, 2, 4, 3, 6, 8, 16, 5, 7, 11, 29, 27, 17, 26, 14, 25, 21, 19, None, None, None, None, None, None, None, None, None, None, None, None, None]
n=5: 1520.4s, 2469691392 attempts, 758922613 affine nodes, 0 representatives; [0, 1, 2, 4, 3, 6, 8, 16, 5, 9, 11, 18, 12, 25, 21, 10, 29, 22, 27, None, None, None, None, None, None, None, None, None, None, None, None, None]
n=5: 1540.4s, 2502148096 attempts, 766552456 affine nodes, 0 representatives; [0, 1, 2, 4, 3, 6, 8, 16, 5, 9, 11, 21, 31, 13, 22, 30, 18, 15, 29, None, None, None, None, None, None, None, None, None, None, None, None, None]
n=5: 1560.4s, 2534539264 attempts, 774021262 affine nodes, 0 representatives; [0, 1, 2, 4, 3, 6, 8, 16, 5, 9, 11, 25, 24, 22, 30, 23, 7, None, None, None, None, None, None, None, None, None, None, None, None, None, None, None]
n=5: 1580.4s, 2566963200 attempts, 781680507 affine nodes, 0 representatives; [0, 1, 2, 4, 3, 6, 8, 16, 5, 9, 11, 28, 30, 22, 17, 15, 20, 31, None, None, None, None, None, None, None, None, None, None, None, None, None, None]
n=5: 1600.4s, 2599305216 attempts, 789731007 affine nodes, 0 representatives; [0, 1, 2, 4, 3, 6, 8, 16, 5, 9, 12, 18, 24, 13, 31, 23, 30, 10, 17, None, None, None, None, None, None, None, None, None, None, None, None, None]
n=5: 1620.4s, 2631761920 attempts, 797788861 affine nodes, 0 representatives; [0, 1, 2, 4, 3, 6, 8, 16, 5, 9, 12, 24, 18, 15, 29, 19, 22, 25, 27, None, None, None, None, None, None, None, None, None, None, None, None, None]
n=5: 1640.4s, 2664169472 attempts, 805890715 affine nodes, 0 representatives; [0, 1, 2, 4, 3, 6, 8, 16, 5, 9, 12, 27, 26, 24, 10, 13, 29, 20, 25, None, None, None, None, None, None, None, None, None, None, None, None, None]
n=5: 1660.4s, 2696626176 attempts, 813910176 affine nodes, 0 representatives; [0, 1, 2, 4, 3, 6, 8, 16, 5, 9, 15, 17, 20, 27, 11, 28, 10, 23, 22, None, None, None, None, None, None, None, None, None, None, None, None, None]
n=5: 1680.4s, 2729164800 attempts, 821429981 affine nodes, 0 representatives; [0, 1, 2, 4, 3, 6, 8, 16, 5, 9, 15, 20, 25, 30, 10, 14, 22, None, None, None, None, None, None, None, None, None, None, None, None, None, None, None]
n=5: 1700.4s, 2761785344 attempts, 828808274 affine nodes, 0 representatives; [0, 1, 2, 4, 3, 6, 8, 16, 5, 9, 15, 25, 23, 19, 22, 10, 20, 29, 26, None, None, None, None, None, None, None, None, None, None, None, None, None]
n=5: 1720.4s, 2794405888 attempts, 836501203 affine nodes, 0 representatives; [0, 1, 2, 4, 3, 6, 8, 16, 5, 9, 15, 29, 10, 27, 23, 31, 30, 28, None, None, None, None, None, None, None, None, None, None, None, None, None, None]
n=5: 1740.5s, 2826829824 attempts, 844803644 affine nodes, 0 representatives; [0, 1, 2, 4, 3, 6, 8, 16, 5, 9, 17, 10, 23, 19, 15, 31, 13, 7, 18, None, None, None, None, None, None, None, None, None, None, None, None, None]
n=5: 1760.5s, 2859286528 attempts, 853120885 affine nodes, 0 representatives; [0, 1, 2, 4, 3, 6, 8, 16, 5, 9, 17, 18, 13, 27, 28, 20, 26, 10, 23, None, None, None, None, None, None, None, None, None, None, None, None, 25]
n=5: 1780.5s, 2891759616 attempts, 860951197 affine nodes, 0 representatives; [0, 1, 2, 4, 3, 6, 8, 16, 5, 9, 17, 24, 20, 30, 12, 25, 13, 28, 19, None, None, None, None, None, None, None, None, None, None, None, None, None]
n=5: 1800.5s, 2924232704 attempts, 869037811 affine nodes, 0 representatives; [0, 1, 2, 4, 3, 6, 8, 16, 5, 9, 17, 28, 18, 11, 29, 26, 13, 27, 22, 31, None, None, None, None, None, None, None, None, None, None, None, None]
n=5: 1820.5s, 2956427264 attempts, 877873170 affine nodes, 0 representatives; [0, 1, 2, 4, 3, 6, 8, 16, 5, 9, 18, 14, 21, 30, 15, 7, 24, 17, 25, None, None, None, None, None, None, None, None, None, None, None, None, None]
n=5: 1840.5s, 2989015040 attempts, 885053822 affine nodes, 0 representatives; [0, 1, 2, 4, 3, 6, 8, 16, 5, 9, 18, 21, 12, 26, 15, 27, 31, 20, 10, 29, None, None, None, None, None, None, None, None, None, None, None, None]
n=5: 1860.5s, 3021717504 attempts, 891657453 affine nodes, 0 representatives; [0, 1, 2, 4, 3, 6, 8, 16, 5, 9, 18, 25, 22, 11, 28, 7, 20, 19, 27, None, None, None, None, None, None, None, None, None, None, None, None, None]
n=5: 1880.5s, 3054125056 attempts, 899175681 affine nodes, 0 representatives; [0, 1, 2, 4, 3, 6, 8, 16, 5, 9, 18, 29, 10, 19, 26, 15, 24, 27, 17, None, None, None, None, None, None, None, None, None, None, None, None, None]
n=5: 1900.5s, 3086516224 attempts, 907128653 affine nodes, 0 representatives; [0, 1, 2, 4, 3, 6, 8, 16, 5, 9, 20, 13, 18, 24, 10, 31, 17, 30, 15, None, None, None, None, None, None, None, None, None, None, None, None, None]
n=5: 1920.5s, 3119104000 attempts, 914442893 affine nodes, 0 representatives; [0, 1, 2, 4, 3, 6, 8, 16, 5, 9, 20, 19, 13, 25, 18, 26, 27, 21, 14, 28, None, None, None, None, None, None, None, None, None, None, None, None]
n=5: 1940.5s, 3151396864 attempts, 921603107 affine nodes, 0 representatives; [0, 1, 2, 4, 3, 6, 8, 16, 5, 9, 20, 26, 23, 13, 12, 7, 22, 11, 17, None, None, None, None, None, None, None, None, None, None, None, None, None]
n=5: 1960.5s, 3183788032 attempts, 928994047 affine nodes, 0 representatives; [0, 1, 2, 4, 3, 6, 8, 16, 5, 9, 20, 29, 31, 13, 22, 10, 15, 30, 18, 17, None, None, None, None, None, None, None, None, None, None, None, None]
n=5: 1980.5s, 3216080896 attempts, 936966367 affine nodes, 0 representatives; [0, 1, 2, 4, 3, 6, 8, 16, 5, 9, 21, 14, 28, 20, 11, 27, 7, 12, 24, None, None, None, None, None, None, None, None, None, None, None, None, None]
n=5: 2000.5s, 3248422912 attempts, 945074633 affine nodes, 0 representatives; [0, 1, 2, 4, 3, 6, 8, 16, 5, 9, 21, 23, 14, 19, 28, 15, 25, 20, 30, None, None, None, None, None, None, None, None, None, None, None, None, None]
n=5: 2020.5s, 3280584704 attempts, 953246309 affine nodes, 0 representatives; [0, 1, 2, 4, 3, 6, 8, 16, 5, 9, 21, 28, 19, 12, 29, 30, 24, 22, 17, None, None, None, None, None, None, None, None, None, None, None, None, None]
n=5: 2040.5s, 3312746496 attempts, 961203839 affine nodes, 0 representatives; [0, 1, 2, 4, 3, 6, 8, 16, 5, 9, 22, 10, 31, 21, 23, 14, 17, 11, 27, 25, None, None, None, None, None, None, None, None, None, None, None, None]
n=5: 2060.5s, 3345088512 attempts, 968801695 affine nodes, 0 representatives; [0, 1, 2, 4, 3, 6, 8, 16, 5, 9, 22, 18, 28, 11, 31, 13, 15, 30, 14, None, None, None, None, None, None, None, None, None, None, None, None, None]
n=5: 2080.5s, 3377414144 attempts, 975741810 affine nodes, 0 representatives; [0, 1, 2, 4, 3, 6, 8, 16, 5, 9, 22, 25, 10, 21, 30, 28, 14, 20, 15, 11, None, None, None, None, None, None, None, None, None, None, None, None]
n=5: 2100.5s, 3409707008 attempts, 983186824 affine nodes, 0 representatives; [0, 1, 2, 4, 3, 6, 8, 16, 5, 9, 22, 30, 18, 21, 31, 15, 23, 13, 19, 17, None, None, None, None, None, None, None, None, None, None, None, None]
n=5: 2120.6s, 3442163712 attempts, 991244552 affine nodes, 0 representatives; [0, 1, 2, 4, 3, 6, 8, 16, 5, 9, 23, 13, 19, 25, 28, 20, 11, 30, 12, None, None, None, None, None, None, None, None, None, None, None, None, None]
n=5: 2140.6s, 3474685952 attempts, 999120831 affine nodes, 0 representatives; [0, 1, 2, 4, 3, 6, 8, 16, 5, 9, 23, 20, 26, 12, 30, 10, 31, 24, 15, None, None, None, None, None, None, None, None, None, None, None, None, None]
n=5: 2160.6s, 3507224576 attempts, 1006425307 affine nodes, 0 representatives; [0, 1, 2, 4, 3, 6, 8, 16, 5, 9, 23, 25, 18, 26, 12, 7, 20, 11, 13, None, None, None, None, None, None, None, None, None, None, None, None, None]
n=5: 2180.6s, 3539648512 attempts, 1014521726 affine nodes, 0 representatives; [0, 1, 2, 4, 3, 6, 8, 16, 5, 9, 23, 30, 19, 25, 11, 26, 14, 18, 10, 24, None, None, None, None, None, None, None, None, None, None, None, None]
n=5: 2200.6s, 3572154368 attempts, 1022389825 affine nodes, 0 representatives; [0, 1, 2, 4, 3, 6, 8, 16, 5, 9, 24, 14, 12, 18, 29, 19, 22, 17, 25, 10, None, None, None, None, None, None, None, None, None, None, None, None]
n=5: 2220.6s, 3604758528 attempts, 1029997139 affine nodes, 0 representatives; [0, 1, 2, 4, 3, 6, 8, 16, 5, 9, 24, 18, 19, 30, 21, 7, 11, 22, 31, None, None, None, None, None, None, None, None, None, None, None, None, None]
n=5: 2240.6s, 3637428224 attempts, 1037352057 affine nodes, 0 representatives; [0, 1, 2, 4, 3, 6, 8, 16, 5, 9, 24, 23, 31, 11, 28, 7, 18, 25, 19, None, None, None, None, None, None, None, None, None, None, None, None, None]
n=5: 2260.6s, 3669786624 attempts, 1045677885 affine nodes, 0 representatives; [0, 1, 2, 4, 3, 6, 8, 16, 5, 9, 25, 7, 29, 13, 28, 23, 17, 19, None, None, None, None, None, None, None, None, None, None, None, None, None, None]
n=5: 2280.6s, 3702407168 attempts, 1053570218 affine nodes, 0 representatives; [0, 1, 2, 4, 3, 6, 8, 16, 5, 9, 25, 14, 28, 13, 22, 29, 7, 24, 30, 10, None, None, None, None, None, None, None, None, None, None, None, None]
n=5: 2300.6s, 3735273472 attempts, 1061039225 affine nodes, 0 representatives; [0, 1, 2, 4, 3, 6, 8, 16, 5, 9, 25, 18, 23, 12, 17, 15, 19, 10, 7, 21, None, None, None, None, None, None, None, None, None, None, None, None]
n=5: 2320.6s, 3767894016 attempts, 1068463008 affine nodes, 0 representatives; [0, 1, 2, 4, 3, 6, 8, 16, 5, 9, 25, 23, 20, 27, 28, 15, 18, 11, 7, 10, None, None, None, None, None, None, None, None, None, None, None, None]
n=5: 2340.6s, 3800481792 attempts, 1076098601 affine nodes, 0 representatives; [0, 1, 2, 4, 3, 6, 8, 16, 5, 9, 25, 30, 10, 20, 31, 23, 24, 27, None, None, None, None, None, None, None, None, None, None, None, None, None, None]
n=5: 2360.6s, 3832938496 attempts, 1084559389 affine nodes, 0 representatives; [0, 1, 2, 4, 3, 6, 8, 16, 5, 9, 27, 14, 12, 22, 30, 28, 20, 7, 24, None, None, None, None, None, None, None, None, None, None, None, None, None]
n=5: 2380.6s, 3865608192 attempts, 1092412113 affine nodes, 0 representatives; [0, 1, 2, 4, 3, 6, 8, 16, 5, 9, 27, 18, 31, 12, 19, 10, 30, 29, 17, 7, None, None, None, None, None, None, None, None, None, None, None, None]
n=5: 2400.6s, 3898146816 attempts, 1100360356 affine nodes, 0 representatives; [0, 1, 2, 4, 3, 6, 8, 16, 5, 9, 27, 25, 18, 22, 19, 10, 26, 20, 15, None, None, None, None, None, None, None, None, None, None, None, None, None]
n=5: 2420.6s, 3930439680 attempts, 1109147047 affine nodes, 0 representatives; [0, 1, 2, 4, 3, 6, 8, 16, 5, 9, 28, 14, 18, 25, 30, 23, 17, 12, 27, 19, None, None, None, None, None, None, None, None, None, None, None, None]
n=5: 2440.6s, 3962857453 attempts, 1117257728 affine nodes, 0 representatives; [0, 1, 2, 4, 3, 6, 8, 16, 5, 9, 28, 19, 24, 11, 18, None, None, None, None, None, None, None, None, None, None, None, None, None, None, None, None, None]
n=5: 2460.6s, 3995254784 attempts, 1125404415 affine nodes, 0 representatives; [0, 1, 2, 4, 3, 6, 8, 16, 5, 9, 28, 24, 25, 19, 12, 15, 13, 10, 7, None, None, None, None, None, None, None, None, None, None, None, None, None]
n=5: 2480.7s, 4027482112 attempts, 1134306593 affine nodes, 0 representatives; [0, 1, 2, 4, 3, 6, 8, 16, 5, 9, 29, 14, 20, 19, 18, 28, 13, 15, 30, None, None, None, None, None, None, None, None, None, None, None, None, None]
n=5: 2500.7s, 4059693056 attempts, 1143069689 affine nodes, 0 representatives; [0, 1, 2, 4, 3, 6, 8, 16, 5, 9, 29, 21, 19, 17, 10, 30, 13, 28, 22, None, None, None, None, None, None, None, None, None, None, None, None, None]
n=5: 2520.7s, 4091920384 attempts, 1151963562 affine nodes, 0 representatives; [0, 1, 2, 4, 3, 6, 8, 16, 5, 9, 30, 10, 12, 19, 22, 29, 15, 26, 28, None, None, None, None, None, None, None, None, None, None, None, None, None]
n=5: 2540.7s, 4124540928 attempts, 1159873314 affine nodes, 0 representatives; [0, 1, 2, 4, 3, 6, 8, 16, 5, 9, 30, 15, 19, 28, 27, 13, 24, 31, 7, 10, None, None, None, None, None, None, None, None, None, None, None, None]
n=5: 2560.7s, 4157063168 attempts, 1167532787 affine nodes, 0 representatives; [0, 1, 2, 4, 3, 6, 8, 16, 5, 9, 30, 21, 12, 27, 17, 10, 14, 7, 22, 11, None, None, None, None, None, None, None, None, None, None, None, None]
n=5: 2580.7s, 4189601792 attempts, 1175404990 affine nodes, 0 representatives; [0, 1, 2, 4, 3, 6, 8, 16, 5, 9, 30, 28, 13, 31, 19, 25, 10, 22, None, None, None, None, None, None, None, None, None, None, None, None, None, None]
n=5: 2600.7s, 4221894656 attempts, 1184132584 affine nodes, 0 representatives; [0, 1, 2, 4, 3, 6, 8, 16, 5, 9, 31, 14, 26, 21, 18, 27, 20, 19, 25, 10, None, None, None, None, None, None, None, None, None, None, None, None]
n=5: 2620.7s, 4254203904 attempts, 1192987384 affine nodes, 0 representatives; [0, 1, 2, 4, 3, 6, 8, 16, 5, 9, 31, 21, 26, 12, 22, 15, 11, 28, 19, 20, 23, None, None, None, None, None, None, None, None, None, None, None]
n=5: 2640.7s, 4286382080 attempts, 1202060660 affine nodes, 0 representatives; [0, 1, 2, 4, 3, 6, 8, 16, 5, 10, 11, 17, 28, 24, 15, 20, 18, 12, 7, 13, None, None, None, None, None, None, None, None, None, None, None, None]
n=5: 2660.7s, 4318380032 attempts, 1212344223 affine nodes, 0 representatives; [0, 1, 2, 4, 3, 6, 8, 16, 5, 10, 11, 25, 31, 14, 22, 18, 12, 7, 23, None, None, None, None, None, None, None, None, None, None, None, None, None]
n=5: 2680.7s, 4350492672 attempts, 1222041487 affine nodes, 0 representatives; [0, 1, 2, 4, 3, 6, 8, 16, 5, 10, 12, 17, 27, 18, 9, 19, 21, 23, 15, None, None, None, None, None, None, None, None, None, None, None, None, None]
n=5: 2700.7s, 4382932992 attempts, 1229860296 affine nodes, 0 representatives; [0, 1, 2, 4, 3, 6, 8, 16, 5, 10, 12, 23, 27, 24, 31, 15, 13, 7, 25, 21, None, None, None, None, None, None, None, None, None, None, None, None]
n=5: 2720.7s, 4415422464 attempts, 1237809759 affine nodes, 0 representatives; [0, 1, 2, 4, 3, 6, 8, 16, 5, 10, 12, 27, 26, 24, 21, 22, 30, 19, 7, None, None, None, None, None, None, None, None, None, None, None, None, None]
n=5: 2740.7s, 4447928320 attempts, 1245844760 affine nodes, 0 representatives; [0, 1, 2, 4, 3, 6, 8, 16, 5, 10, 13, 17, 23, 26, 11, 9, 7, 15, 14, 30, None, None, None, None, None, None, None, None, None, None, None, None]
n=5: 2760.7s, 4480106496 attempts, 1256762858 affine nodes, 0 representatives; [0, 1, 2, 4, 3, 6, 8, 16, 5, 10, 13, 24, 19, 31, 18, 22, 11, None, None, None, None, None, None, None, None, None, None, None, None, None, None, None]
n=5: 2780.7s, 4512284672 attempts, 1267471294 affine nodes, 0 representatives; [0, 1, 2, 4, 3, 6, 8, 16, 5, 10, 13, 30, 31, 21, 19, 14, 28, 17, None, None, None, None, None, None, None, None, None, None, None, None, None, None]
n=5: 2800.7s, 4544446464 attempts, 1277805142 affine nodes, 0 representatives; [0, 1, 2, 4, 3, 6, 8, 16, 5, 10, 15, 24, 23, 27, 19, 14, 30, 7, None, None, None, None, None, None, None, None, None, None, None, None, None, None]
n=5: 2820.7s, 4576444416 attempts, 1288307708 affine nodes, 1 representatives; [0, 1, 2, 4, 3, 6, 8, 16, 5, 10, 17, 13, 11, 26, 28, 20, 24, 21, None, None, None, None, None, None, None, None, None, None, None, None, None, None]
n=5: 2840.7s, 4607770624 attempts, 1300680173 affine nodes, 1 representatives; [0, 1, 2, 4, 3, 6, 8, 16, 5, 10, 18, 7, 13, 25, 31, 23, 26, 29, 15, 21, None, None, None, None, None, None, None, None, None, None, None, None]
n=5: 2860.8s, 4639539200 attempts, 1311932959 affine nodes, 1 representatives; [0, 1, 2, 4, 3, 6, 8, 16, 5, 10, 18, 26, 25, 20, 19, 9, 17, 7, 14, None, None, None, None, None, None, None, None, None, None, None, None, None]
n=5: 2880.8s, 4671012864 attempts, 1324418835 affine nodes, 1 representatives; [0, 1, 2, 4, 3, 6, 8, 16, 5, 10, 20, 30, 7, 24, 25, 13, 28, 9, 17, 26, None, None, None, None, None, None, None, None, None, None, None, None]
n=5: 2900.8s, 4702388224 attempts, 1337583310 affine nodes, 1 representatives; [0, 1, 2, 4, 3, 6, 8, 16, 5, 10, 22, 9, 29, 25, 19, 7, 12, 26, 27, None, None, None, None, None, None, None, None, None, None, None, None, None]
n=5: 2920.8s, 4733845504 attempts, 1350664618 affine nodes, 1 representatives; [0, 1, 2, 4, 3, 6, 8, 16, 5, 10, 23, 13, 20, 26, 27, 19, 9, 25, 7, None, None, None, None, None, None, None, None, None, None, None, None, None]
n=5: 2940.8s, 4763959296 attempts, 1370823510 affine nodes, 1 representatives; [0, 1, 2, 4, 3, 6, 8, 16, 5, 10, 27, 13, 30, 26, 19, 20, 22, 7, 21, None, None, None, None, None, None, None, None, None, None, None, None, None]
n=5: 2960.8s, 4793876480 attempts, 1391180127 affine nodes, 1 representatives; [0, 1, 2, 4, 3, 6, 8, 16, 5, 11, 9, 21, 20, 22, 30, 17, 28, 23, 13, 7, None, None, None, None, None, None, None, None, None, None, None, None]
n=5: 2980.8s, 4825989120 attempts, 1399945297 affine nodes, 1 representatives; [0, 1, 2, 4, 3, 6, 8, 16, 5, 11, 9, 26, 23, 20, 30, 18, 24, 15, 25, None, None, None, None, None, None, None, None, None, None, None, None, None]
n=5: 3000.8s, 4858183680 attempts, 1408598787 affine nodes, 1 representatives; [0, 1, 2, 4, 3, 6, 8, 16, 5, 11, 10, 17, 14, 30, 28, 19, 15, 29, 22, None, None, None, None, None, None, None, None, None, None, None, None, None]
n=5: 3020.8s, 4890492928 attempts, 1417272830 affine nodes, 1 representatives; [0, 1, 2, 4, 3, 6, 8, 16, 5, 11, 10, 24, 21, 28, 22, 7, 23, 20, 17, 14, None, None, None, None, None, None, None, None, None, None, None, None]
n=5: 3040.8s, 4922884096 attempts, 1425748628 affine nodes, 1 representatives; [0, 1, 2, 4, 3, 6, 8, 16, 5, 11, 10, 30, 28, 20, 17, 13, 18, 27, 12, None, None, None, None, None, None, None, None, None, None, None, None, None]
n=5: 3060.8s, 4955127808 attempts, 1434895138 affine nodes, 1 representatives; [0, 1, 2, 4, 3, 6, 8, 16, 5, 11, 12, 21, 30, 26, 17, 27, 22, 20, 14, 7, None, None, None, None, None, None, None, None, None, None, None, None]
n=5: 3080.8s, 4987404288 attempts, 1444498401 affine nodes, 1 representatives; [0, 1, 2, 4, 3, 6, 8, 16, 5, 11, 12, 28, 20, 14, 19, 17, 29, 23, 27, None, None, None, None, None, None, None, None, None, None, None, None, None]
n=5: 3100.8s, 5019435008 attempts, 1454618266 affine nodes, 1 representatives; [0, 1, 2, 4, 3, 6, 8, 16, 5, 11, 13, 25, 24, 19, 30, 7, 21, 26, None, None, None, None, None, None, None, None, None, None, None, None, None, None]
n=5: 3120.8s, 5051432960 attempts, 1464681402 affine nodes, 1 representatives; [0, 1, 2, 4, 3, 6, 8, 16, 5, 11, 17, 15, 24, 18, 23, 30, 19, 14, 12, 7, None, None, None, None, None, None, None, None, None, None, None, None]
n=5: 3140.8s, 5083348992 attempts, 1474849038 affine nodes, 1 representatives; [0, 1, 2, 4, 3, 6, 8, 16, 5, 11, 17, 27, 10, 30, 19, 13, 31, 18, 7, None, None, None, None, None, None, None, None, None, None, None, None, None]
n=5: 3160.8s, 5115199488 attempts, 1485076902 affine nodes, 1 representatives; [0, 1, 2, 4, 3, 6, 8, 16, 5, 11, 18, 21, 23, 30, 31, 15, 19, 27, 9, None, None, None, None, None, None, None, 10, None, None, None, None, None]
n=5: 3180.8s, 5147197440 attempts, 1494019163 affine nodes, 1 representatives; [0, 1, 2, 4, 3, 6, 8, 16, 5, 11, 18, 31, 30, 10, 26, 19, 12, 15, 17, None, None, None, None, None, None, None, None, None, None, None, None, None]
n=5: 3200.8s, 5179195392 attempts, 1503665999 affine nodes, 1 representatives; [0, 1, 2, 4, 3, 6, 8, 16, 5, 11, 20, 24, 27, 15, 9, 19, 12, 25, 18, 26, None, None, None, None, None, None, None, None, None, None, None, None]
n=5: 3220.9s, 5211193344 attempts, 1513221844 affine nodes, 1 representatives; [0, 1, 2, 4, 3, 6, 8, 16, 5, 11, 21, 12, 26, 15, 25, 14, 27, 13, 10, None, None, None, None, None, None, None, None, None, None, None, None, None]
n=5: 3240.9s, 5242912768 attempts, 1524267355 affine nodes, 1 representatives; [0, 1, 2, 4, 3, 6, 8, 16, 5, 11, 22, 10, 21, 28, 25, 14, 12, 26, 27, None, None, None, None, None, None, None, None, None, None, None, None, None]
n=5: 3260.9s, 5275189248 attempts, 1533127312 affine nodes, 1 representatives; [0, 1, 2, 4, 3, 6, 8, 16, 5, 11, 22, 25, 21, 29, 9, 18, 7, 20, None, None, None, None, None, None, None, None, None, None, None, None, None, None]
n=5: 3280.9s, 5307154432 attempts, 1543316904 affine nodes, 1 representatives; [0, 1, 2, 4, 3, 6, 8, 16, 5, 11, 23, 13, 27, 10, 17, 22, 12, 30, 25, 19, None, None, None, None, None, None, None, None, None, None, None, None]
n=5: 3300.9s, 5339136000 attempts, 1553095535 affine nodes, 1 representatives; [0, 1, 2, 4, 3, 6, 8, 16, 5, 11, 23, 28, 20, 25, 9, 29, 13, 24, 19, None, None, None, None, None, None, None, None, None, None, None, None, None]
n=5: 3320.9s, 5371232256 attempts, 1562757781 affine nodes, 1 representatives; [0, 1, 2, 4, 3, 6, 8, 16, 5, 11, 25, 12, 26, 24, 21, 22, 9, 30, 27, 18, None, None, None, None, None, None, None, None, None, None, None, None]
n=5: 3340.9s, 5403410432 attempts, 1572285081 affine nodes, 1 representatives; [0, 1, 2, 4, 3, 6, 8, 16, 5, 11, 25, 21, 19, 27, 18, 24, 7, 29, 9, None, None, None, None, None, None, None, None, None, None, None, None, None]
n=5: 3360.9s, 5435375616 attempts, 1582074942 affine nodes, 1 representatives; [0, 1, 2, 4, 3, 6, 8, 16, 5, 11, 26, 13, 12, 25, 21, 17, 9, None, None, None, None, None, None, None, None, None, None, None, None, None, None, None]
n=5: 3380.9s, 5467308032 attempts, 1592019417 affine nodes, 1 representatives; [0, 1, 2, 4, 3, 6, 8, 16, 5, 11, 26, 25, 21, 15, 22, 7, 12, 30, 17, None, None, None, None, None, None, None, None, None, None, None, None, None]
n=5: 3400.9s, 5499142144 attempts, 1603309454 affine nodes, 1 representatives; [0, 1, 2, 4, 3, 6, 8, 16, 5, 11, 27, 20, 12, 30, 10, 7, 23, 31, 25, 18, None, None, None, None, None, None, None, None, None, None, None, None]
n=5: 3420.9s, 5530959872 attempts, 1613982875 affine nodes, 1 representatives; [0, 1, 2, 4, 3, 6, 8, 16, 5, 11, 28, 12, 26, 30, 21, 18, 15, 7, 31, 13, None, None, None, None, None, None, None, None, None, None, None, None]
n=5: 3440.9s, 5563006976 attempts, 1623242872 affine nodes, 1 representatives; [0, 1, 2, 4, 3, 6, 8, 16, 5, 11, 28, 23, 26, 18, 10, 19, 9, 27, 29, 20, None, None, None, None, None, None, None, None, None, None, None, None]
n=5: 3460.9s, 5594546176 attempts, 1634959152 affine nodes, 1 representatives; [0, 1, 2, 4, 3, 6, 8, 16, 5, 11, 29, 23, 22, 10, 18, 7, 19, 30, 28, 20, None, None, None, None, None, None, None, None, None, None, None, None]
n=5: 3480.9s, 5626331136 attempts, 1646044348 affine nodes, 1 representatives; [0, 1, 2, 4, 3, 6, 8, 16, 5, 11, 30, 18, 19, 13, 21, 31, 27, 10, None, None, None, None, None, None, None, None, None, None, None, None, None, None]
n=5: 3500.9s, 5657935872 attempts, 1657717722 affine nodes, 1 representatives; [0, 1, 2, 4, 3, 6, 8, 16, 5, 11, 31, 19, 18, 25, 14, 24, 30, 26, 10, None, None, None, None, None, None, None, None, None, None, None, None, None]
n=5: 3520.9s, 5689769984 attempts, 1668011626 affine nodes, 1 representatives; [0, 1, 2, 4, 3, 6, 8, 16, 5, 17, 9, 14, 27, 10, 26, 23, 15, 12, None, None, None, None, None, None, None, None, None, None, None, None, None, None]
n=5: 3541.0s, 5721964544 attempts, 1677038196 affine nodes, 1 representatives; [0, 1, 2, 4, 3, 6, 8, 16, 5, 17, 9, 31, 25, 12, 11, 22, 29, 18, 23, None, None, None, None, None, None, None, None, None, None, None, None, None]
n=5: 3561.0s, 5754159104 attempts, 1685580782 affine nodes, 1 representatives; [0, 1, 2, 4, 3, 6, 8, 16, 5, 17, 10, 24, 30, 21, 12, 22, 19, 28, 14, None, None, None, None, None, None, None, None, None, None, None, None, None]
n=5: 3581.0s, 5786271744 attempts, 1694546199 affine nodes, 1 representatives; [0, 1, 2, 4, 3, 6, 8, 16, 5, 17, 11, 15, 25, 21, 19, 28, 27, 12, 7, None, None, None, None, None, None, None, None, None, None, None, None, None]
n=5: 3601.0s, 5818122240 attempts, 1705274524 affine nodes, 1 representatives; [0, 1, 2, 4, 3, 6, 8, 16, 5, 17, 12, 15, 10, 26, 18, 28, 25, 14, 30, None, None, None, None, None, None, None, None, None, None, None, None, None]
n=5: 3621.0s, 5850578944 attempts, 1713241873 affine nodes, 1 representatives; [0, 1, 2, 4, 3, 6, 8, 16, 5, 17, 12, 27, 21, 29, 26, 9, 20, 24, 15, None, None, None, None, None, None, None, None, None, None, None, None, None]
n=5: 3641.0s, 5882707968 attempts, 1722403377 affine nodes, 1 representatives; [0, 1, 2, 4, 3, 6, 8, 16, 5, 17, 13, 15, 14, 21, 19, 24, 23, 25, None, None, None, None, None, None, None, None, None, None, None, None, None, None]
n=5: 3661.0s, 5914886144 attempts, 1731890473 affine nodes, 1 representatives; [0, 1, 2, 4, 3, 6, 8, 16, 5, 17, 13, 30, 20, 14, 26, 18, None, None, None, None, None, None, None, None, None, None, None, None, None, None, None, None]
n=5: 3681.0s, 5947047936 attempts, 1740751700 affine nodes, 1 representatives; [0, 1, 2, 4, 3, 6, 8, 16, 5, 17, 15, 25, 10, 26, 18, 28, 23, 9, 19, None, None, None, None, None, None, None, None, None, None, None, None, None]
n=5: 3701.0s, 5979013120 attempts, 1750355030 affine nodes, 1 representatives; [0, 1, 2, 4, 3, 6, 8, 16, 5, 17, 20, 14, 25, 11, 29, 31, 30, 23, 22, 9, None, None, None, None, None, None, None, None, None, None, None, None]
n=5: 3721.0s, 6010896384 attempts, 1761274249 affine nodes, 1 representatives; [0, 1, 2, 4, 3, 6, 8, 16, 5, 17, 22, 10, 28, 13, 19, 23, 9, 27, 30, None, None, None, None, None, None, None, None, None, None, None, None, None]
n=5: 3741.0s, 6043418624 attempts, 1769689882 affine nodes, 1 representatives; [0, 1, 2, 4, 3, 6, 8, 16, 5, 17, 22, 25, 13, 14, 19, 23, 12, 21, 20, None, None, None, None, None, None, None, None, None, None, None, None, None]
n=5: 3761.0s, 6075842560 attempts, 1778414648 affine nodes, 1 representatives; [0, 1, 2, 4, 3, 6, 8, 16, 5, 17, 22, 31, 18, 28, 10, 9, 23, 21, 7, 11, None, None, None, None, None, None, None, None, None, None, None, None]
n=5: 3781.0s, 6107971584 attempts, 1787895234 affine nodes, 1 representatives; [0, 1, 2, 4, 3, 6, 8, 16, 5, 17, 23, 25, 10, 20, 30, 11, 26, 19, 13, 15, None, None, None, None, None, None, None, None, None, None, None, None]
n=5: 3801.0s, 6140133376 attempts, 1797468928 affine nodes, 1 representatives; [0, 1, 2, 4, 3, 6, 8, 16, 5, 17, 24, 10, 20, 30, 25, 14, 13, 28, None, None, None, None, None, None, None, None, None, None, None, None, None, None]
n=5: 3821.0s, 6172098560 attempts, 1807249126 affine nodes, 1 representatives; [0, 1, 2, 4, 3, 6, 8, 16, 5, 17, 24, 31, 21, 10, 15, 29, 18, 25, 14, None, None, None, None, None, None, None, None, None, None, None, None, None]
n=5: 3841.0s, 6204407808 attempts, 1815821838 affine nodes, 1 representatives; [0, 1, 2, 4, 3, 6, 8, 16, 5, 17, 25, 21, 26, 24, 14, 7, 28, 15, 20, 9, None, None, None, None, None, None, None, None, None, None, None, None]
n=5: 3861.1s, 6236422144 attempts, 1825537022 affine nodes, 1 representatives; [0, 1, 2, 4, 3, 6, 8, 16, 5, 17, 26, 18, 12, 25, 28, 30, 20, 31, 15, 11, None, None, None, None, None, None, None, None, None, None, None, None]
n=5: 3881.1s, 6268403712 attempts, 1835351923 affine nodes, 1 representatives; [0, 1, 2, 4, 3, 6, 8, 16, 5, 17, 27, 12, 20, 26, 18, 13, 30, 23, 11, 25, None, None, None, None, None, None, None, None, None, None, None, None]
n=5: 3901.1s, 6300434432 attempts, 1845450935 affine nodes, 1 representatives; [0, 1, 2, 4, 3, 6, 8, 16, 5, 17, 27, 31, 13, 26, 14, 18, 24, 10, 20, None, None, None, None, None, None, None, None, None, None, None, None, None]
n=5: 3921.1s, 6332514304 attempts, 1855427623 affine nodes, 1 representatives; [0, 1, 2, 4, 3, 6, 8, 16, 5, 17, 28, 23, 18, 30, 14, 13, 29, 19, None, None, None, None, None, None, None, None, None, None, None, None, None, None]
n=5: 3941.1s, 6364299264 attempts, 1866227379 affine nodes, 1 representatives; [0, 1, 2, 4, 3, 6, 8, 16, 5, 17, 29, 23, 11, 24, 15, 22, 19, 13, 18, None, None, None, None, None, None, None, None, None, None, None, None, None]
n=5: 3961.1s, 6396313600 attempts, 1875958222 affine nodes, 1 representatives; [0, 1, 2, 4, 3, 6, 8, 16, 5, 17, 30, 18, 14, 21, 9, 7, 27, 11, 31, None, None, None, None, None, None, None, None, None, None, None, None, None]
n=5: 3981.1s, 6428164096 attempts, 1886366902 affine nodes, 1 representatives; [0, 1, 2, 4, 3, 6, 8, 16, 5, 18, 9, 19, 31, 29, 12, 30, 15, 17, 27, None, None, None, None, None, None, None, None, None, None, None, None, None]
n=5: 4001.1s, 6460112896 attempts, 1896160854 affine nodes, 1 representatives; [0, 1, 2, 4, 3, 6, 8, 16, 5, 18, 10, 9, 22, 30, 17, 13, 28, 21, 29, None, None, None, None, None, None, None, None, None, None, None, None, None]
n=5: 4021.1s, 6492274688 attempts, 1905704883 affine nodes, 1 representatives; [0, 1, 2, 4, 3, 6, 8, 16, 5, 18, 10, 24, 23, 27, 12, 11, 19, 14, 21, None, None, None, None, None, None, None, None, None, None, None, None, None]
n=5: 4041.1s, 6523912192 attempts, 1916622483 affine nodes, 1 representatives; [0, 1, 2, 4, 3, 6, 8, 16, 5, 18, 11, 26, 12, 30, 23, 10, 7, 9, 21, 15, None, None, None, None, None, None, None, None, None, None, None, None]
n=5: 4061.1s, 6555336704 attempts, 1927820091 affine nodes, 1 representatives; [0, 1, 2, 4, 3, 6, 8, 16, 5, 18, 12, 29, 27, 22, 23, 11, 19, 14, 25, None, None, None, None, None, None, None, None, None, None, None, None, None]
n=5: 4081.1s, 6586826752 attempts, 1940336688 affine nodes, 1 representatives; [0, 1, 2, 4, 3, 6, 8, 16, 5, 18, 13, 30, 27, 20, 29, 23, 26, 17, 7, None, None, None, None, None, None, None, None, None, None, None, None, None]
n=5: 4101.1s, 6618054656 attempts, 1954242891 affine nodes, 1 representatives; [0, 1, 2, 4, 3, 6, 8, 16, 5, 18, 20, 14, 27, 28, 29, 11, 17, 26, 22, 9, None, None, None, None, None, None, None, None, None, None, None, None]
n=5: 4121.1s, 6648250368 attempts, 1973787856 affine nodes, 1 representatives; [0, 1, 2, 4, 3, 6, 8, 16, 5, 18, 24, 21, 11, 25, 28, 23, 31, None, None, None, None, None, None, None, None, None, None, None, None, None, None, None]
n=5: 4141.1s, 6677659648 attempts, 1997333031 affine nodes, 1 representatives; [0, 1, 2, 4, 3, 6, 8, 16, 5, 19, 9, 23, 27, 17, 12, 28, 24, 10, 22, 20, None, None, None, None, None, None, None, None, None, None, None, None]
n=5: 4161.1s, 6709346304 attempts, 2008564993 affine nodes, 1 representatives; [0, 1, 2, 4, 3, 6, 8, 16, 5, 19, 10, 20, 30, 18, 14, 28, 17, 25, 12, None, None, None, None, None, None, None, None, None, None, None, None, None]
n=5: 4181.1s, 6740934656 attempts, 2020211980 affine nodes, 1 representatives; [0, 1, 2, 4, 3, 6, 8, 16, 5, 19, 11, 20, 30, 13, 17, 28, 25, 26, 31, 22, None, None, None, None, None, None, None, None, None, None, None, None]
n=5: 4201.2s, 6772293632 attempts, 2031464864 affine nodes, 1 representatives; [0, 1, 2, 4, 3, 6, 8, 16, 5, 19, 12, 28, 18, 26, 10, 20, 11, 23, None, None, None, None, None, None, None, None, None, None, None, None, None, None]
n=5: 4221.2s, 6803914752 attempts, 2043305255 affine nodes, 1 representatives; [0, 1, 2, 4, 3, 6, 8, 16, 5, 19, 13, 26, 20, 14, 27, 28, 9, 10, 23, 21, None, None, None, None, None, None, None, None, None, None, None, None]
n=5: 4241.2s, 6835585024 attempts, 2054986966 affine nodes, 1 representatives; [0, 1, 2, 4, 3, 6, 8, 16, 5, 19, 15, 28, 18, 24, 10, 20, 22, 17, 12, 14, 26, None, None, None, None, None, None, None, None, None, None, None]
n=5: 4261.2s, 6866681856 attempts, 2066467238 affine nodes, 1 representatives; [0, 1, 2, 4, 3, 6, 8, 16, 5, 19, 17, 26, 23, 30, 10, 24, 14, 9, 21, None, None, None, None, None, None, None, None, None, None, None, None, None]
n=5: 4281.2s, 6897844224 attempts, 2078131831 affine nodes, 1 representatives; [0, 1, 2, 4, 3, 6, 8, 16, 5, 19, 18, 25, 14, 26, 22, 11, 30, 17, 12, None, None, None, None, None, None, None, None, None, None, None, None, None]
n=5: 4301.2s, 6929481728 attempts, 2089890353 affine nodes, 1 representatives; [0, 1, 2, 4, 3, 6, 8, 16, 5, 19, 20, 14, 24, 26, 18, 15, 12, 7, 13, None, None, None, None, None, None, None, None, None, None, None, None, None]
n=5: 4321.2s, 6960791552 attempts, 2104125959 affine nodes, 1 representatives; [0, 1, 2, 4, 3, 6, 8, 16, 5, 19, 24, 9, 12, 30, 28, 11, 13, 29, 10, None, None, None, None, None, None, None, None, None, None, None, None, None]
n=5: 4341.2s, 6992248832 attempts, 2116773384 affine nodes, 1 representatives; [0, 1, 2, 4, 3, 6, 8, 16, 5, 19, 25, 14, 12, 18, 27, 10, 7, 15, 22, None, None, None, None, None, None, None, None, None, None, None, None, None]
n=5: 4361.2s, 7022002176 attempts, 2129189254 affine nodes, 1 representatives; [0, 1, 2, 4, 3, 6, 8, 16, 5, 19, 26, 15, 30, 12, 10, 25, 27, 20, 11, None, None, None, None, None, None, None, None, None, None, None, None, None]
n=5: 4381.2s, 7052181504 attempts, 2142499580 affine nodes, 1 representatives; [0, 1, 2, 4, 3, 6, 8, 16, 5, 19, 28, 9, 11, 18, 21, 31, 29, 22, 23, 10, None, None, None, None, None, None, None, None, None, None, None, None]
n=5: 4401.2s, 7082442752 attempts, 2154009130 affine nodes, 1 representatives; [0, 1, 2, 4, 3, 6, 8, 16, 5, 19, 30, 10, 20, 13, 28, 31, 25, 29, 9, None, None, None, None, None, None, None, None, None, None, None, None, None]
n=5: 4421.2s, 7113572352 attempts, 2167482207 affine nodes, 1 representatives; [0, 1, 2, 4, 3, 6, 8, 16, 5, 19, 31, 20, 11, 18, 27, 28, 21, 25, None, None, None, None, None, None, None, None, None, None, None, None, None, None]
n=5: 4441.2s, 7145139830 attempts, 2179203072 affine nodes, 1 representatives; [0, 1, 2, 4, 3, 6, 8, 16, 5, 24, 10, 13, 18, 17, None, None, None, None, None, None, None, None, None, None, None, None, None, None, None, None, None, None]
n=5: 4461.2s, 7177125888 attempts, 2189128764 affine nodes, 1 representatives; [0, 1, 2, 4, 3, 6, 8, 16, 5, 24, 12, 23, 28, 13, 18, 11, 22, 25, 7, None, None, None, None, None, None, None, None, None, None, None, None, None]
n=5: 4481.2s, 7208960000 attempts, 2200348193 affine nodes, 1 representatives; [0, 1, 2, 4, 3, 6, 8, 16, 5, 24, 13, 31, 23, 11, 27, 17, 20, 26, 18, 30, None, None, None, None, None, None, None, None, None, None, None, None]
n=5: 4501.2s, 7240679424 attempts, 2211779956 affine nodes, 1 representatives; [0, 1, 2, 4, 3, 6, 8, 16, 5, 24, 17, 18, 31, 14, 15, 13, 29, 26, 7, 27, None, None, None, None, None, None, None, None, None, None, None, None]
n=5: 4521.2s, 7272054784 attempts, 2224571907 affine nodes, 1 representatives; [0, 1, 2, 4, 3, 6, 8, 16, 5, 24, 20, 15, 25, 21, 10, 31, 28, 14, 7, None, None, None, None, None, None, None, None, None, None, None, None, None]
n=5: 4541.2s, 7303888896 attempts, 2235744024 affine nodes, 1 representatives; [0, 1, 2, 4, 3, 6, 8, 16, 5, 24, 21, 31, 9, 13, 26, 22, 17, 18, 15, None, None, None, None, None, None, None, None, None, None, None, None, None]
n=5: 4561.2s, 7335510016 attempts, 2246969586 affine nodes, 1 representatives; [0, 1, 2, 4, 3, 6, 8, 16, 5, 24, 25, 18, 31, 14, 23, 20, 15, 19, 11, None, None, None, None, None, None, None, None, None, None, None, None, None]
n=5: 4581.2s, 7367262208 attempts, 2257782779 affine nodes, 1 representatives; [0, 1, 2, 4, 3, 6, 8, 16, 5, 24, 29, 12, 18, 17, 15, 13, 31, 20, 14, None, None, None, None, None, None, None, None, None, None, None, None, None]
n=5: 4601.2s, 7398522880 attempts, 2271683635 affine nodes, 1 representatives; [0, 1, 2, 4, 3, 6, 8, 16, 5, 24, 31, 20, 25, 19, 10, 14, 30, 22, 23, 27, None, None, None, None, None, None, None, None, None, None, None, None]
n=5: 4621.2s, 7429439488 attempts, 2285915549 affine nodes, 1 representatives; [0, 1, 2, 4, 3, 6, 8, 16, 5, 25, 11, 30, 13, 18, 19, 26, 17, 10, 28, None, None, None, None, None, None, None, None, None, None, None, None, None]
n=5: 4641.2s, 7459960045 attempts, 2298740736 affine nodes, 1 representatives; [0, 1, 2, 4, 3, 6, 8, 16, 5, 25, 13, 30, 18, 17, None, None, None, None, None, None, None, None, None, None, None, None, None, None, None, None, None, None]
n=5: 4661.3s, 7490043904 attempts, 2313459185 affine nodes, 1 representatives; [0, 1, 2, 4, 3, 6, 8, 16, 5, 25, 18, 17, 20, 31, 10, 19, 27, 21, 14, 26, None, None, None, None, None, None, None, None, None, None, None, None]
n=5: 4681.3s, 7520600064 attempts, 2326562528 affine nodes, 1 representatives; [0, 1, 2, 4, 3, 6, 8, 16, 5, 25, 21, 23, 22, 11, 28, 10, 13, 30, 24, None, None, None, None, None, None, None, None, None, None, None, None, None]
n=5: 4701.3s, 7551172608 attempts, 2339602610 affine nodes, 1 representatives; [0, 1, 2, 4, 3, 6, 8, 16, 5, 25, 24, 23, 12, 14, 22, 18, 30, 20, None, None, None, None, None, None, None, None, None, None, None, None, None, None]
n=5: 4721.3s, 7581614080 attempts, 2354248049 affine nodes, 1 representatives; [0, 1, 2, 4, 3, 6, 8, 16, 5, 25, 30, 20, 12, 18, 27, 22, 9, 29, 15, None, None, None, None, None, None, None, None, None, None, None, None, None]
n=5: 4741.3s, 7612006400 attempts, 2370061818 affine nodes, 1 representatives; [0, 1, 2, 4, 3, 6, 8, 16, 5, 31, 10, 28, 14, 18, None, None, None, None, None, None, None, None, None, None, None, None, None, None, None, None, None, None]
n=5: 4761.3s, 7641612288 attempts, 2390788802 affine nodes, 1 representatives; [0, 1, 2, 4, 3, 6, 8, 16, 5, 31, 21, 10, 22, 30, 25, 26, 28, 24, 7, None, None, None, None, None, None, None, None, None, None, None, None, None]
n=5: 4781.3s, 7670169600 attempts, 2417849529 affine nodes, 1 representatives; [0, 1, 2, 4, 3, 6, 8, 16, 9, 10, 18, 21, 22, 25, 28, 7, 20, 24, 12, 30, None, None, None, None, None, None, None, None, None, None, None, None]
n=5: 4801.3s, 7699480576 attempts, 2441143348 affine nodes, 1 representatives; [0, 1, 2, 4, 3, 6, 8, 16, 9, 10, 29, 12, 23, 28, 22, 5, 13, 26, 17, 25, None, None, None, None, None, None, None, None, None, None, None, None]
n=5: 4821.3s, 7728922624 attempts, 2463756865 affine nodes, 1 representatives; [0, 1, 2, 4, 3, 6, 8, 16, 9, 11, 26, 23, 15, 18, 31, 19, 22, 30, 7, 12, None, None, None, None, None, None, None, None, None, None, None, None]
n=5: 4841.3s, 7758397440 attempts, 2486622485 affine nodes, 1 representatives; [0, 1, 2, 4, 3, 6, 8, 16, 9, 13, 26, 22, 25, 18, 23, 30, 27, 19, 28, 15, None, None, None, None, None, None, None, None, None, None, None, None]
n=5: 4861.3s, 7787085824 attempts, 2513597477 affine nodes, 1 representatives; [0, 1, 2, 4, 3, 6, 8, 16, 9, 18, 26, 21, 19, 13, 10, 7, 5, 20, 31, None, None, None, None, None, None, None, None, None, None, None, None, None]
n=5: 4881.3s, 7815217152 attempts, 2542890763 affine nodes, 1 representatives; [0, 1, 2, 4, 3, 6, 8, 16, 9, 19, 27, 23, 24, 14, 30, 26, 17, 10, 28, 13, None, None, None, None, None, None, None, None, None, None, None, None]
n=5: 4901.3s, 7843315712 attempts, 2572875333 affine nodes, 1 representatives; [0, 1, 2, 4, 3, 6, 8, 16, 9, 21, 18, 15, 27, 24, 20, 22, 17, 28, 23, None, None, None, None, None, None, None, None, None, None, None, None, None]
n=5: 4921.4s, 7871113078 attempts, 2604400640 affine nodes, 1 representatives; [0, 1, 2, 4, 3, 6, 8, 16, 9, 23, 28, 24, 18, None, None, None, None, None, None, None, None, None, None, None, None, None, None, None, None, None, None, None]
n=5: 4941.4s, 7897743360 attempts, 2642568627 affine nodes, 1 representatives; [0, 1, 2, 4, 3, 6, 8, 16, 9, 27, 23, 29, 24, 20, 10, 7, 5, 26, 13, None, None, None, None, None, None, None, None, None, None, None, None, None]
n=5: 4961.4s, 7919516955 attempts, 2706636800 affine nodes, 2 representatives; [0, 1, 2, 4, 3, 8, 13, 16, 5, 11, 27, 20, 15, 29, 21, None, None, None, None, None, None, None, None, None, None, None, None, None, None, None, None, None]
5 representatives, 10 checked witnesses; search 4967.236s
